// Jest Snapshot v1, https://goo.gl/fbAQLP

exports[`render App renders initial state 1`] = `
<div
  id="main"
>
  <Connect(Slider) />
</div>
`;
