// Jest Snapshot v1, https://goo.gl/fbAQLP

exports[`Slider component displays load when \`\`loading\`\` prop is true 1`] = `
<div>
  Loading
</div>
`;
