// Jest Snapshot v1, https://goo.gl/fbAQLP

exports[`Loading component should render \`\`Loading\`\` 1`] = `
<div>
  Loading
</div>
`;

exports[`Loading component should render nothing 1`] = `""`;
