// Jest Snapshot v1, https://goo.gl/fbAQLP

exports[`Slide component should render \`\`slide\`\` 1`] = `
<div
  className="slide"
>
  <img
    src="url"
  />
  <h3>
    Title
  </h3>
</div>
`;
